// Jest Snapshot v1, https://goo.gl/fbAQLP

exports[`render App test render App correctly 1`] = `
<div
  className="sc-beySPh ixoubA"
>
  <div
    className="container"
  >
    <h1>
      Web SpeechSynthesize API 语音测试 （底层基于浏览器语音合成引擎，无需科学上网）
    </h1>
    <input
      className="ant-input css-dev-only-do-not-override-1vebic0"
      disabled={false}
      onBlur={[Function]}
      onChange={[Function]}
      onFocus={[Function]}
      onKeyDown={[Function]}
      placeholder="请输入语音内容"
      style={{}}
      type="text"
      value="hello world"
    />
    <button
      className="ant-btn css-dev-only-do-not-override-1vebic0 ant-btn-default"
      disabled={false}
      onClick={[Function]}
      style={
        {
          "marginTop": "20px",
        }
      }
      type="button"
    >
      <span>
        Web SpeechSynthesize 播放语音
      </span>
    </button>
    <h1>
      TTS API 语音测试 （supcon的TTS）
    </h1>
    <button
      className="ant-btn css-dev-only-do-not-override-1vebic0 ant-btn-default"
      disabled={false}
      onClick={[Function]}
      style={{}}
      type="button"
    >
      <span>
        TTS API播放语音
      </span>
    </button>
    <h1>
      Combine TTS 语音测试（先执行supcon的TTS 捕获错误后执行浏览器语音合成引擎 提高成功率）
    </h1>
    <button
      className="ant-btn css-dev-only-do-not-override-1vebic0 ant-btn-default"
      disabled={false}
      onClick={[Function]}
      style={{}}
      type="button"
    >
      <span>
        Combine TTS 播放语音
      </span>
    </button>
    <h1>
      Web SpeechRecognizer API 语音测试（底层依赖于Google的云服务器，需要科学上网）
    </h1>
    <button
      className="ant-btn css-dev-only-do-not-override-1vebic0 ant-btn-default"
      disabled={false}
      onClick={[Function]}
      style={{}}
      type="button"
    >
      <span>
        开始录音
      </span>
    </button>
    <textarea
      className="ant-input css-dev-only-do-not-override-1vebic0"
      disabled={false}
      onBlur={[Function]}
      onChange={[Function]}
      onCompositionEnd={[Function]}
      onCompositionStart={[Function]}
      onFocus={[Function]}
      onKeyDown={[Function]}
      style={
        {
          "marginTop": "20px",
          "overflowX": "hidden",
          "overflowY": "hidden",
          "resize": undefined,
        }
      }
      value="
    interimContent:
    finalContent:
    confidence:0
    speechErr:
    "
    />
    <h1>
      STT API 语音测试 （supcon的STT）
    </h1>
    <button
      className="ant-btn css-dev-only-do-not-override-1vebic0 ant-btn-default"
      disabled={false}
      onClick={[Function]}
      style={{}}
      type="button"
    >
      <span>
        开始录音
      </span>
    </button>
    <textarea
      className="ant-input css-dev-only-do-not-override-1vebic0"
      disabled={false}
      onBlur={[Function]}
      onChange={[Function]}
      onCompositionEnd={[Function]}
      onCompositionStart={[Function]}
      onFocus={[Function]}
      onKeyDown={[Function]}
      style={
        {
          "marginTop": "20px",
          "overflowX": "hidden",
          "overflowY": "hidden",
          "resize": undefined,
        }
      }
      value=""
    />
  </div>
</div>
`;
